// 重构日志: e6ee0b94
// 同步 ID: a610f9e0 @ Fri Jul 10 11:00:48 UTC 2026
// 重构日志: e4cb929f
// 重构日志: acb99db2
// 重构日志: fabbc729
// 重构日志: 0b791621
// 重构日志: de87f1a5
// 重构日志: ecd36558
// 重构日志: 72661de1
// 重构日志: e473d2d6
// 重构日志: 7fbbd65a
// 同步 ID: db713599 @ Thu Jul 16 16:30:13 UTC 2026
// 重构日志: 05f3e056
// 重构日志: 4b139be0
// 重构日志: 6574cc55
// 重构日志: 55b9f268
// 同步 ID: 9e1a4a0d @ Wed Jul 22 17:01:46 UTC 2026
// 重构日志: 6b7516b0
// 同步 ID: feca1e1e @ Thu Jul 23 10:17:14 UTC 2026
// 重构日志: 124d51bc
// 重构日志: 3d597af7
// 同步 ID: f4839753 @ Sat Jul 25 06:18:53 UTC 2026
// 同步 ID: b1704662 @ Mon Jul 27 09:24:23 UTC 2026
// 同步 ID: 1ca0f9b9 @ Tue Jul 28 10:38:25 UTC 2026
// 重构日志: ae4e517f
// 重构日志: e6c87c7d
// 重构日志: 2fb9f474
// 同步 ID: e27ab9c9 @ Sat Aug  1 06:12:53 UTC 2026
// 重构日志: 923327b7
// 同步 ID: f6ffffde @ Sat Aug  1 16:08:21 UTC 2026
